
> component-forge@0.0.0 build C:\Users\nande\WorkSpace\Echo_Vision_Web
> tsc -b && vite build

[36mvite v6.4.1 [32mbuilding for production...[36m[39m
transforming...
[32mΓ£ô[39m 1998 modules transformed.
rendering chunks...
computing gzip size...
[2mdist/[22m[32mindex.html                      [39m[1m[2m  0.95 kB[22m[1m[22m[2m Γöé gzip:   0.51 kB[22m
[2mdist/[22m[32massets/vr-glasses-DE7i6cpU.svg  [39m[1m[2m 24.90 kB[22m[1m[22m[2m Γöé gzip:  10.85 kB[22m
[2mdist/[22m[35massets/index-BLmZrO2l.css       [39m[1m[2m164.06 kB[22m[1m[22m[2m Γöé gzip:  23.83 kB[22m
[2mdist/[22m[36massets/index-Bn6oeVIc.js        [39m[1m[2m418.60 kB[22m[1m[22m[2m Γöé gzip: 128.79 kB[22m
[32mΓ£ô built in 3.38s[39m
