[debug] [2026-01-31T15:42:00.742Z] ----------------------------------------------------------------------
[debug] [2026-01-31T15:42:00.744Z] Command:       C:\Program Files\nodejs\node.exe C:\Users\nande\AppData\Roaming\npm\node_modules\firebase-tools\lib\bin\firebase.js deploy
[debug] [2026-01-31T15:42:00.744Z] CLI Version:   15.5.1
[debug] [2026-01-31T15:42:00.744Z] Platform:      win32
[debug] [2026-01-31T15:42:00.744Z] Node Version:  v22.14.0
[debug] [2026-01-31T15:42:00.745Z] Time:          Sat Jan 31 2026 21:12:00 GMT+0530 (India Standard Time)
[debug] [2026-01-31T15:42:00.745Z] ----------------------------------------------------------------------
[debug] 
[debug] [2026-01-31T15:42:02.678Z] > command requires scopes: ["email","openid","https://www.googleapis.com/auth/cloudplatformprojects.readonly","https://www.googleapis.com/auth/firebase","https://www.googleapis.com/auth/cloud-platform"]
[debug] [2026-01-31T15:42:02.679Z] > authorizing via signed-in user (nandeesh3573@gmail.com)
[debug] [2026-01-31T15:42:02.679Z] [iam] checking project echo-vision-71 for permissions ["firebase.projects.get","firebasehosting.sites.update"]
[debug] [2026-01-31T15:42:02.679Z] Checked if tokens are valid: false, expires at: 1769858416398
[debug] [2026-01-31T15:42:02.680Z] Checked if tokens are valid: false, expires at: 1769858416398
[debug] [2026-01-31T15:42:02.680Z] > refreshing access token with scopes: []
[debug] [2026-01-31T15:42:02.681Z] >>> [apiv2][query] POST https://www.googleapis.com/oauth2/v3/token [none]
[debug] [2026-01-31T15:42:02.681Z] >>> [apiv2][body] POST https://www.googleapis.com/oauth2/v3/token [omitted]
[debug] [2026-01-31T15:42:02.939Z] <<< [apiv2][status] POST https://www.googleapis.com/oauth2/v3/token 200
[debug] [2026-01-31T15:42:02.939Z] <<< [apiv2][body] POST https://www.googleapis.com/oauth2/v3/token [omitted]
[debug] [2026-01-31T15:42:02.944Z] >>> [apiv2][query] POST https://cloudresourcemanager.googleapis.com/v1/projects/echo-vision-71:testIamPermissions [none]
[debug] [2026-01-31T15:42:02.944Z] >>> [apiv2][(partial)header] POST https://cloudresourcemanager.googleapis.com/v1/projects/echo-vision-71:testIamPermissions  x-goog-user-project=echo-vision-71
[debug] [2026-01-31T15:42:02.944Z] >>> [apiv2][body] POST https://cloudresourcemanager.googleapis.com/v1/projects/echo-vision-71:testIamPermissions {"permissions":["firebase.projects.get","firebasehosting.sites.update"]}
